✔ finalizeJob writes state before a hanging rename, once, and sweeps leftovers (564.455311ms)
✔ a provider-error stream fails with its stop reason and preserves prior commits (2155.247191ms)
✔ an aborted stream fails with its stop reason (1603.957443ms)
✔ a recovered provider error follows the clean final turn (1641.623698ms)
✔ a clean run writes no stop-reason (1770.083406ms)
✔ an unseen steer is counted at finalize (2128.570784ms)
✔ exhaustion finalizes failed while tab close hangs (4278.578714ms)
✔ limen stop leaves one finished-at and one terminal state line (7158.017499ms)
✔ receipt allowlist rejects secrets, unbounded ordinals, invalid timestamps and contradictory HTTP claims (3.096595ms)
✔ finish identity follows the job ID across seats, not labels or worktree paths (1.35131ms)
✔ inspection keeps absent, legacy and unverifiable bot evidence unobserved without reading config (34.009658ms)
✔ only explicitly trusted, bounded, correlated completed-turn exports promote inspection (146.788466ms)
✔ helper safely encodes all CLI fields, sends Bearer in memory, and reports only HTTP acceptance (94.887288ms)
✔ explicit targets fan out to two routes without an implicit single-target recipient (81.6913ms)
▶ a failed or stalled first bot does not block the second bot; acceptance is never called a wake
  ✔ error (76.932488ms)
  ✔ reject (63.806719ms)
  ✔ stall (122.771951ms)
✔ a failed or stalled first bot does not block the second bot; acceptance is never called a wake (265.143341ms)
▶ invalid explicit target lists fail before all transport and never fall back to the single target
  ✔ invalid selection 1 (64.119399ms)
  ✔ invalid selection 2 (57.844912ms)
  ✔ invalid selection 3 (92.674721ms)
  ✔ invalid selection 4 (98.948733ms)
  ✔ invalid selection 5 (81.504112ms)
  ✔ invalid selection 6 (91.679754ms)
  ✔ invalid selection 7 (94.088211ms)
  ✔ invalid selection 8 (88.792197ms)
  ✔ invalid selection 9 (120.274188ms)
  ✔ invalid selection 10 (117.075237ms)
  ✔ invalid selection 11 (82.718528ms)
  ✔ invalid selection 12 (63.842074ms)
  ✔ invalid selection 13 (75.176056ms)
✔ invalid explicit target lists fail before all transport and never fall back to the single target (1139.361712ms)
✔ legacy-only configuration fails closed and names the new key before any request (99.990889ms)
✔ the retired env-path override cannot select a destination (137.397447ms)
▶ helper rejects missing, raw, Basic and malformed Bearer auth before transport
  ✔ missing (102.521637ms)
  ✔ "" (80.085241ms)
  ✔ "synthetic-secret" (111.971176ms)
  ✔ "Basic synthetic-secret" (152.054836ms)
  ✔ "bearer synthetic-secret" (73.684791ms)
  ✔ "Bearer" (66.295814ms)
  ✔ "Bearer " (144.718002ms)
  ✔ "Bearer  synthetic-secret" (79.401851ms)
  ✔ "Bearer synthetic-secret extra" (91.682238ms)
  ✔ "Bearer synthetic-secret=bad" (80.176981ms)
  ✔ "Bearer synthetic-secret\n" (130.739152ms)
  ✔ "Bearer synthetic-secret\r\nX-Evil: yes" (106.512714ms)
  ✔ "Bearer synthetic-secret\t" (85.841113ms)
  ✔ "Bearer sécret" (98.966641ms)
✔ helper rejects missing, raw, Basic and malformed Bearer auth before transport (1410.353442ms)
▶ helper rejects missing or unsafe destinations without revealing their contents
  ✔ <anonymous> (152.468752ms)
  ✔ not-a-url (148.571022ms)
  ✔ http://finish.example.test (67.902824ms)
  ✔ ftp://finish.example.test (83.246723ms)
  ✔ https://user:synthetic-secret@finish.example.test (113.349983ms)
  ✔ https://finish.example.test/#synthetic-secret (117.300728ms)
✔ helper rejects missing or unsafe destinations without revealing their contents (684.567956ms)
▶ helper fails redirects, non-2xx, transport errors and a bounded stalled request
  ✔ HTTP 200 (96.990264ms)
  ✔ HTTP 299 (88.275903ms)
  ✔ HTTP 300 (118.608102ms)
  ✔ HTTP 302 (105.713214ms)
  ✔ HTTP 307 (69.325742ms)
  ✔ HTTP 400 (90.288187ms)
  ✔ HTTP 401 (71.87946ms)
  ✔ HTTP 403 (106.414223ms)
  ✔ HTTP 500 (95.90948ms)
  ✔ error (74.428815ms)
  ✔ timeout (118.642362ms)
✔ helper fails redirects, non-2xx, transport errors and a bounded stalled request (1040.097528ms)
✔ an unauthenticated receiver body is not a sender diagnosis or a wake acknowledgement (289.413166ms)
✔ absolute override wins; missing, empty and relative overrides never fall back (487.88271ms)
✔ Git common directory selects the canonical project's config from an external worktree (574.395795ms)
✔ legacy home config is available only for manual invocation outside Git, not inherited credentials (173.891539ms)
✔ env files are data, never shell scripts, and the CLI requires exactly three arguments (426.686473ms)
✔ automatic finish decision: failed with missing result (2922.927551ms)
✔ automatic finish decision: failed with "" result (2783.611803ms)
✔ automatic finish decision: failed with " \n\t" result (2962.545082ms)
✔ automatic finish decision: failed with "Failure investigated; see committed repair." result (1941.720609ms)
✔ automatic finish decision: failed with "unreadable" result (1988.90168ms)
✔ automatic finish decision: stopped with missing result (2798.615233ms)
✔ automatic finish decision: stopped with "" result (2870.380301ms)
✔ automatic finish decision: stopped with " \n\t" result (2921.475016ms)
✔ automatic finish decision: stopped with "Failure investigated; see committed repair." result (2190.803106ms)
✔ automatic finish decision: stopped with "unreadable" result (1907.325595ms)
✔ automatic finish decision: done with missing result (1913.524983ms)
✔ automatic finish decision: done with "" result (1919.662117ms)
✔ automatic finish decision: done with " \n\t" result (2081.012109ms)
✔ automatic finish decision: done with "Failure investigated; see committed repair." result (2151.833919ms)
✔ automatic finish decision: done with "unreadable" result (1979.258061ms)
✔ automatic delivery invokes the real canonical helper with synthetic dotenv and intercepted transport (1157.520884ms)
✔ automatic delivery finds Limen's Node runtime when the inherited PATH cannot run node (679.094397ms)
✔ automatic fan-out reaches two bot routes after terminal state; first HTTP 204 stays HTTP-only (3151.820148ms)
✔ automatic fan-out reaches two bot routes after terminal state; first HTTP 503 stays HTTP-only (3295.917185ms)
✔ automatic fan-out reaches two bot routes after terminal state; first HTTP stall stays HTTP-only (6119.146577ms)
✔ private receipt channel discards malformed, secret-bearing, duplicate and overflowing sender output (651.672736ms)
✔ detached completion sends exact arguments only after durable state using an absolute explicit config snapshot (1480.141994ms)
Preparing worktree (new branch 'linked')
✔ canonical project config is selected from a linked worktree, never the worktree-local decoy (1223.753522ms)
✔ workspace jobs use the coordinator project's config rather than a child repository destination (1509.698131ms)
✔ a retired env-path override does not opt an unconfigured job into delivery (1325.329158ms)
✔ unconfigured jobs never inherit home config or a later finalizer environment (2317.029443ms)
✔ concurrent processes and repeated finalization make one automatic attempt; failure preserves outcome and routing (1480.982984ms)
✔ hosted supervisor completion uses the same automatic path without a worker manual ping (768.706114ms)
✔ hanging sender and its descendant are killed within shutdown grace without changing stopped state (3608.977428ms)
✔ an exhausted shutdown budget records not sent without launching the helper (566.615218ms)
✔ missing config and unavailable sender fail safely, while an interrupted claim is never retried automatically (1012.924413ms)
✔ detached exhaustion without a result skips delivery before its self-kill grace (2005.851496ms)
✔ continuation retains only its parent's config path even when the caller selects another destination (2712.703991ms)
✔ malformed records are informational and do not get rewritten (608.050956ms)
✔ a running record without pid is starting, not invalid (649.398397ms)
✔ jobs tails a rambling log and keeps the last limen detail line (670.329386ms)
✔ jobs detail shows result and commits for a terminal job that has them (980.948809ms)
✔ jobs marks a terminal job with zero tool calls and no commits as produced nothing (1294.51729ms)
✔ jobs lists running first, then newest started-at (712.650127ms)
✔ the default jobs snapshot stays compact and exposes every live job (1341.365117ms)
✔ compact snapshots cap malformed live diagnostics (588.62136ms)
✔ hosted jobs pulse follows activity, not Herdr unseen-idle (1700.106004ms)
✔ jobs shows the advisory line on a running hosted job (635.070749ms)
✔ jobs rejects ambiguous option shapes (957.372642ms)
✔ jobs names a directory with no state as an orphan (858.792692ms)
✔ jobs reports an empty set before init (316.543353ms)
✔ a running job line shows the sampled changed-file count (1523.521298ms)
✔ activity sampling records how many files the worktree has changed (3719.565338ms)
✔ a running human row is glyph, label, suffix, then live facts (3.847311ms)
✔ a running human row names how many files the job has changed (0.52545ms)
✔ a terminal human row carries age, duration, work, and flags once each (0.679843ms)
✔ silence colors only when it means something (0.359442ms)
✔ the cabinet line counts states and names odd ones invalid (0.558909ms)
✔ human detail sections identity, work, and a filtered log (1.770889ms)
✔ the log filter keeps events and prose, drops activity beats (0.373284ms)
✔ view selection follows LIMEN_VIEW, then the TTY; color needs a willing terminal (0.291866ms)
✔ ages read like a human said them (0.220655ms)
✔ the human snapshot prints rows and a footer, never id chains, and the suffix resolves (1231.739679ms)
✔ an odd state renders a red-glyph row and an invalid count without rewriting the file (651.107125ms)
ℹ tests 132
ℹ suites 0
ℹ pass 132
ℹ fail 0
ℹ cancelled 0
ℹ skipped 0
ℹ todo 0
ℹ duration_ms 118980.484649
