✖ automatic finish decision: failed with missing result (885.79699ms)
✖ automatic finish decision: failed with "" result (888.788419ms)
✖ automatic finish decision: failed with " \n\t" result (839.386865ms)
✔ automatic finish decision: failed with "Failure investigated; see committed repair." result (1471.013451ms)
✔ automatic finish decision: failed with "unreadable" result (1313.94725ms)
✖ automatic finish decision: stopped with missing result (793.765332ms)
✖ automatic finish decision: stopped with "" result (822.290498ms)
✖ automatic finish decision: stopped with " \n\t" result (834.767439ms)
✔ automatic finish decision: stopped with "Failure investigated; see committed repair." result (1479.097833ms)
✔ automatic finish decision: stopped with "unreadable" result (2623.179142ms)
✔ automatic finish decision: done with missing result (2314.052544ms)
✔ automatic finish decision: done with "" result (2650.500767ms)
✔ automatic finish decision: done with " \n\t" result (2686.559809ms)
✔ automatic finish decision: done with "Failure investigated; see committed repair." result (2686.211741ms)
✔ automatic finish decision: done with "unreadable" result (2470.645052ms)
ℹ tests 15
ℹ suites 0
ℹ pass 9
ℹ fail 6
ℹ cancelled 0
ℹ skipped 0
ℹ todo 0
ℹ duration_ms 25052.32229

✖ failing tests:

test at test/finish-webhook.test.ts:92:3
✖ automatic finish decision: failed with missing result (885.79699ms)
  AssertionError [ERR_ASSERTION]: The input did not match the regular expression /skipped: .* with empty result; not sent/. Input:
  
  'INVALID direct · missing task.md or log\n'
  
      at TestContext.<anonymous> (file:///home/overment/.limen-limen-worktrees/2026-09-13-f711-empty-finish-webhook-quiet-4a1ea1ef/test/finish-webhook.test.ts:112:53)
      at async Test.run (node:internal/test_runner/test:1389:7)
      at async startSubtestAfterBootstrap (node:internal/test_runner/harness:387:3) {
    generatedMessage: true,
    code: 'ERR_ASSERTION',
    actual: 'INVALID direct · missing task.md or log\n',
    expected: /skipped: .* with empty result; not sent/,
    operator: 'match',
    diff: 'simple'
  }

test at test/finish-webhook.test.ts:92:3
✖ automatic finish decision: failed with "" result (888.788419ms)
  AssertionError [ERR_ASSERTION]: The input did not match the regular expression /skipped: .* with empty result; not sent/. Input:
  
  'INVALID direct · missing task.md or log\n'
  
      at TestContext.<anonymous> (file:///home/overment/.limen-limen-worktrees/2026-09-13-f711-empty-finish-webhook-quiet-4a1ea1ef/test/finish-webhook.test.ts:112:53)
      at async Test.run (node:internal/test_runner/test:1389:7)
      at async Test.processPendingSubtests (node:internal/test_runner/test:960:7) {
    generatedMessage: true,
    code: 'ERR_ASSERTION',
    actual: 'INVALID direct · missing task.md or log\n',
    expected: /skipped: .* with empty result; not sent/,
    operator: 'match',
    diff: 'simple'
  }

test at test/finish-webhook.test.ts:92:3
✖ automatic finish decision: failed with " \n\t" result (839.386865ms)
  AssertionError [ERR_ASSERTION]: The input did not match the regular expression /skipped: .* with empty result; not sent/. Input:
  
  'INVALID direct · missing task.md or log\n'
  
      at TestContext.<anonymous> (file:///home/overment/.limen-limen-worktrees/2026-09-13-f711-empty-finish-webhook-quiet-4a1ea1ef/test/finish-webhook.test.ts:112:53)
      at async Test.run (node:internal/test_runner/test:1389:7)
      at async Test.processPendingSubtests (node:internal/test_runner/test:960:7) {
    generatedMessage: true,
    code: 'ERR_ASSERTION',
    actual: 'INVALID direct · missing task.md or log\n',
    expected: /skipped: .* with empty result; not sent/,
    operator: 'match',
    diff: 'simple'
  }

test at test/finish-webhook.test.ts:92:3
✖ automatic finish decision: stopped with missing result (793.765332ms)
  AssertionError [ERR_ASSERTION]: The input did not match the regular expression /skipped: .* with empty result; not sent/. Input:
  
  'INVALID direct · missing task.md or log\n'
  
      at TestContext.<anonymous> (file:///home/overment/.limen-limen-worktrees/2026-09-13-f711-empty-finish-webhook-quiet-4a1ea1ef/test/finish-webhook.test.ts:112:53)
      at async Test.run (node:internal/test_runner/test:1389:7)
      at async Test.processPendingSubtests (node:internal/test_runner/test:960:7) {
    generatedMessage: true,
    code: 'ERR_ASSERTION',
    actual: 'INVALID direct · missing task.md or log\n',
    expected: /skipped: .* with empty result; not sent/,
    operator: 'match',
    diff: 'simple'
  }

test at test/finish-webhook.test.ts:92:3
✖ automatic finish decision: stopped with "" result (822.290498ms)
  AssertionError [ERR_ASSERTION]: The input did not match the regular expression /skipped: .* with empty result; not sent/. Input:
  
  'INVALID direct · missing task.md or log\n'
  
      at TestContext.<anonymous> (file:///home/overment/.limen-limen-worktrees/2026-09-13-f711-empty-finish-webhook-quiet-4a1ea1ef/test/finish-webhook.test.ts:112:53)
      at async Test.run (node:internal/test_runner/test:1389:7)
      at async Test.processPendingSubtests (node:internal/test_runner/test:960:7) {
    generatedMessage: true,
    code: 'ERR_ASSERTION',
    actual: 'INVALID direct · missing task.md or log\n',
    expected: /skipped: .* with empty result; not sent/,
    operator: 'match',
    diff: 'simple'
  }

test at test/finish-webhook.test.ts:92:3
✖ automatic finish decision: stopped with " \n\t" result (834.767439ms)
  AssertionError [ERR_ASSERTION]: The input did not match the regular expression /skipped: .* with empty result; not sent/. Input:
  
  'INVALID direct · missing task.md or log\n'
  
      at TestContext.<anonymous> (file:///home/overment/.limen-limen-worktrees/2026-09-13-f711-empty-finish-webhook-quiet-4a1ea1ef/test/finish-webhook.test.ts:112:53)
      at async Test.run (node:internal/test_runner/test:1389:7)
      at async Test.processPendingSubtests (node:internal/test_runner/test:960:7) {
    generatedMessage: true,
    code: 'ERR_ASSERTION',
    actual: 'INVALID direct · missing task.md or log\n',
    expected: /skipped: .* with empty result; not sent/,
    operator: 'match',
    diff: 'simple'
  }
