✖ automatic finish decision: stopped with missing result (770.995109ms)
ℹ tests 1
ℹ suites 0
ℹ pass 0
ℹ fail 1
ℹ cancelled 0
ℹ skipped 0
ℹ todo 0
ℹ duration_ms 1072.361689

✖ failing tests:

test at test/finish-webhook.test.ts:92:3
✖ automatic finish decision: stopped with missing result (770.995109ms)
  AssertionError [ERR_ASSERTION]: Missing expected rejection: empty failed/stopped jobs must not invoke the sender
      at async TestContext.<anonymous> (file:///home/overment/.limen-limen-worktrees/2026-09-13-f711-empty-finish-webhook-quiet-4a1ea1ef/test/finish-webhook.test.ts:106:5)
      at async Test.run (node:internal/test_runner/test:1389:7)
      at async startSubtestAfterBootstrap (node:internal/test_runner/harness:387:3) {
    generatedMessage: false,
    code: 'ERR_ASSERTION',
    actual: undefined,
    expected: { code: 'ENOENT' },
    operator: 'rejects',
    diff: 'simple'
  }
